// Jest Snapshot v1, https://goo.gl/fbAQLP

exports[`PostDetailScreen matches the snapshot 1`] = `
<View
  style={
    {
      "alignItems": "center",
      "flex": 1,
      "justifyContent": "center",
      "padding": 20,
    }
  }
  testID="post-detail"
>
  <Text
    style={
      {
        "fontSize": 12,
        "fontWeight": "bold",
        "marginBottom": 20,
      }
    }
  >
    Post Id:
    1
  </Text>
  <Text
    style={
      {
        "fontSize": 12,
        "fontWeight": "bold",
        "marginBottom": 20,
      }
    }
  >
    User Id:
    1
  </Text>
  <Text
    style={
      {
        "fontSize": 28,
        "fontWeight": "bold",
        "marginBottom": 20,
      }
    }
  >
    Example Title
  </Text>
  <Text
    style={
      {
        "fontSize": 18,
      }
    }
  >
    Example Body
  </Text>
</View>
`;
